// 重构日志: 85b4ae64
// 同步 ID: c11e2013 @ Thu Jul 30 08:06:04 UTC 2026
// 同步 ID: 90a14703 @ Thu Jul 30 10:59:45 UTC 2026
// 重构日志: 8166506f
// 重构日志: 731d012d
// 重构日志: 7028fec8
// 重构日志: 6fe682ad
// 重构日志: dc67f2d0
// 重构日志: 5db4887f
// 重构日志: 86067f00
// 同步 ID: 077741a4 @ Mon Aug  3 08:50:27 UTC 2026
// 同步 ID: 75d758cb @ Tue Aug  4 03:59:40 UTC 2026
// 重构日志: 318d924d
// 重构日志: 7292ea6c
// 重构日志: bd245788
// 重构日志: be0eb847
// 重构日志: ff3e711d
// 重构日志: 5451621f
// 重构日志: cef2a2a5
// 同步 ID: 9ad39037 @ Fri Aug  7 03:39:39 UTC 2026
// 同步 ID: 4d8fd7b9 @ Fri Aug  7 05:29:07 UTC 2026
// 重构日志: e7a2c0ef
// 重构日志: 305d0fae
// 重构日志: 79882376
// 重构日志: 714204c4
// 重构日志: eb124d4b
// 重构日志: c5fb0099
// 同步 ID: 8c2c6a98 @ Sat Aug  8 08:55:45 UTC 2026
// 同步 ID: c1e2ade4 @ Sat Aug  8 10:14:38 UTC 2026
// 同步 ID: 60ac5bde @ Sat Aug  8 11:20:36 UTC 2026
